// Jest Snapshot v1, https://goo.gl/fbAQLP

exports[`fetchSteam getData gets data from Steam 1`] = `
Object {
  "lowest_price": "0,27€",
  "median_price": "0,27€",
  "success": true,
  "volume": "435",
}
`;
