// Jest Snapshot v1, https://goo.gl/fbAQLP

exports[`githubPrfile getData gets data on user from Github 1`] = `
Object {
  "avatar_url": "https://avatars2.githubusercontent.com/u/441543?v=4",
  "bio": null,
  "blog": "",
  "company": null,
  "created_at": "2010-10-16T04:00:16Z",
  "email": null,
  "events_url": "https://api.github.com/users/leriksen/events{/privacy}",
  "followers": 0,
  "followers_url": "https://api.github.com/users/leriksen/followers",
  "following": 1,
  "following_url": "https://api.github.com/users/leriksen/following{/other_user}",
  "gists_url": "https://api.github.com/users/leriksen/gists{/gist_id}",
  "gravatar_id": "",
  "hireable": null,
  "html_url": "https://github.com/leriksen",
  "id": 441543,
  "location": "Bendigo, Victoria, Australia",
  "login": "leriksen",
  "name": "Leif Eriksen",
  "node_id": "MDQ6VXNlcjQ0MTU0Mw==",
  "organizations_url": "https://api.github.com/users/leriksen/orgs",
  "public_gists": 11,
  "public_repos": 64,
  "received_events_url": "https://api.github.com/users/leriksen/received_events",
  "repos_url": "https://api.github.com/users/leriksen/repos",
  "site_admin": false,
  "starred_url": "https://api.github.com/users/leriksen/starred{/owner}{/repo}",
  "subscriptions_url": "https://api.github.com/users/leriksen/subscriptions",
  "type": "User",
  "updated_at": "2019-02-26T13:51:43Z",
  "url": "https://api.github.com/users/leriksen",
}
`;
